// Jest Snapshot v1, https://goo.gl/fbAQLP

exports[`App Exist and matches snapshot 1`] = `
<div
  className="App"
>
  <Connect(MainForm) />
</div>
`;
