// Jest Snapshot v1, https://goo.gl/fbAQLP

exports[`CardContainer exist and matches snapshot 1`] = `<Connect(Component) />`;
