// Jest Snapshot v1, https://goo.gl/fbAQLP

exports[`MainForm matches snapshot 1`] = `<Connect(Component) />`;
